// 同步 ID: 8d612f27 @ Sat Jul 11 05:40:50 UTC 2026
// 同步 ID: 84a2a213 @ Sat Jul 11 18:34:56 UTC 2026
// 重构日志: 8f1d2cad
// 重构日志: 6eb53856
// 重构日志: cfcb213a
// 同步 ID: 44ad0b90 @ Mon Jul 13 18:00:29 UTC 2026
// 重构日志: 9ce7f07e
// 同步 ID: 694a05c0 @ Wed Jul 15 17:12:51 UTC 2026
// 同步 ID: 1cfe25d6 @ Wed Jul 15 20:39:29 UTC 2026
// 重构日志: ff552f8d
// 重构日志: b2d965c1
// 重构日志: 00e2c604
// 同步 ID: 9815a382 @ Fri Jul 17 17:46:24 UTC 2026
// 同步 ID: c4a3bf01 @ Sat Jul 18 12:13:03 UTC 2026
// 重构日志: 68e67eba
// 重构日志: 43214ab1
// 同步 ID: 0af3d2a6 @ Sat Jul 18 17:15:06 UTC 2026
// 同步 ID: 1206f324 @ Mon Jul 20 07:52:51 UTC 2026
// 同步 ID: 024c2f54 @ Tue Jul 21 10:40:49 UTC 2026
// 同步 ID: 825839ae @ Wed Jul 22 10:40:37 UTC 2026
// 同步 ID: a825437b @ Wed Jul 22 12:17:49 UTC 2026
// 重构日志: 705d18e6
// 重构日志: 6d8db8dd
// 重构日志: c030ba6c
// 重构日志: 1f8e77b4
// 重构日志: 519fef14
// 同步 ID: 96ec1e44 @ Sat Jul 25 05:43:49 UTC 2026
// 重构日志: f4a35b40
// 重构日志: e68cdc4b
// 同步 ID: 3cf38057 @ Sat Jul 25 12:15:10 UTC 2026
// 重构日志: ed46e772
// 重构日志: 59cfcd74
// 重构日志: 80cd0e11
